// Jest Snapshot v1, https://goo.gl/fbAQLP

exports[`Modal component Should match snapshot 1`] = `
<Overlay
  model="page"
>
  <Modal__NotificationPanel
    height="auto"
    width="90%"
  >
    <Component />
  </Modal__NotificationPanel>
</Overlay>
`;
