// Jest Snapshot v1, https://goo.gl/fbAQLP

exports[`StartEnhancer component Should match snapshot 1`] = `undefined`;
