// Jest Snapshot v1, https://goo.gl/fbAQLP

exports[`TopBarWrapper component Should match snapshot 1`] = `
.c0 {
  text-align: center;
  height: 67px;
  line-height: 67px;
  width: 100%;
}

<div
  className="c0"
/>
`;
