// Jest Snapshot v1, https://goo.gl/fbAQLP

exports[`ImageOverlay component Should match snapshot 1`] = `<ForwardRef />`;
