// Jest Snapshot v1, https://goo.gl/fbAQLP

exports[`Pic component Should match snapshot 1`] = `
<StyledComponent
  forwardedClass={
    Object {
      "$$typeof": Symbol(react.forward_ref),
      "attrs": undefined,
      "componentStyle": ComponentStyle {
        "componentId": "Pic-bgplot-0",
        "isStatic": false,
        "rules": Array [
          [Function],
          ";",
          [Function],
          ";",
        ],
      },
      "displayName": "Pic",
      "render": [Function],
      "styledComponentId": "Pic-bgplot-0",
      "target": "img",
      "toString": [Function],
      "warnTooManyClasses": [Function],
      "withComponent": [Function],
    }
  }
  forwardedRef={null}
/>
`;
