// Jest Snapshot v1, https://goo.gl/fbAQLP

exports[`Panel component Should match snapshot 1`] = `<styled.div />`;
