// Jest Snapshot v1, https://goo.gl/fbAQLP

exports[`HeroImage component Should match snapshot 1`] = `
<Wrapper>
  <ImageOverlay>
    <HeroImageContent />
  </ImageOverlay>
</Wrapper>
`;
