// Jest Snapshot v1, https://goo.gl/fbAQLP

exports[`PageOverlayWrapper component Should match snapshot 1`] = `
.c0 {
  background: rgba(0,0,0,0.8);
  position: fixed;
  top: 0;
  left: 0;
  width: 100%;
  height: 100%;
  display: -webkit-box;
  display: -webkit-flex;
  display: -ms-flexbox;
  display: flex;
  -webkit-flex-direction: column;
  -ms-flex-direction: column;
  flex-direction: column;
  -webkit-box-pack: center;
  -webkit-justify-content: center;
  -ms-flex-pack: center;
  justify-content: center;
  -webkit-align-items: center;
  -webkit-box-align: center;
  -ms-flex-align: center;
  align-items: center;
  z-index: 3;
}

<div
  className="c0"
/>
`;
