// Jest Snapshot v1, https://goo.gl/fbAQLP

exports[`ListHeader component Should match snapshot 1`] = `
<StyledComponent
  forwardedClass={
    Object {
      "$$typeof": Symbol(react.forward_ref),
      "attrs": undefined,
      "componentStyle": ComponentStyle {
        "componentId": "sc-bdVaJa",
        "isStatic": false,
        "rules": Array [
          "
  -moz-box-sizing: border-box; 
  -webkit-box-sizing: border-box; 
  box-sizing: border-box; 
  top: 0;
  left: 0;
  background-color: ",
          [Function],
          ";
  border: none;
  width: 100%;
  height: 41px;
  line-height: 41px;
  vertical-align: middle;
  padding-left: 10px;
",
        ],
      },
      "displayName": "styled.div",
      "render": [Function],
      "styledComponentId": "sc-bdVaJa",
      "target": "div",
      "warnTooManyClasses": [Function],
      "withComponent": [Function],
    }
  }
  forwardedRef={null}
/>
`;
