// Jest Snapshot v1, https://goo.gl/fbAQLP

exports[`GaugeBase component Should match snapshot 1`] = `
<svg
  height="100%"
  viewBox="0 0 250 180"
/>
`;
