// Jest Snapshot v1, https://goo.gl/fbAQLP

exports[`SideBarContainer component Should match snapshot 1`] = `
.c0 {
  -webkit-transition: 100ms linear;
  transition: 100ms linear;
  height: 100vh;
  width: 250px;
  background-color: #0984e3;
  color: white;
  position: fixed;
  z-index: 1000;
  top: 0;
  font-size: 20px;
  padding: 10px;
  left: -270px;
}

.c0 ul {
  list-style: none;
}

<div
  className="c0"
/>
`;
