// Jest Snapshot v1, https://goo.gl/fbAQLP

exports[`CenteredContent component Should match snapshot 1`] = `
<StyledComponent
  forwardedClass={
    Object {
      "$$typeof": Symbol(react.forward_ref),
      "attrs": undefined,
      "componentStyle": ComponentStyle {
        "componentId": "CenteredContent-sc-1nwkm0j-0",
        "isStatic": true,
        "rules": Array [
          "text-align:center;",
        ],
      },
      "displayName": "CenteredContent",
      "render": [Function],
      "styledComponentId": "CenteredContent-sc-1nwkm0j-0",
      "target": "div",
      "toString": [Function],
      "warnTooManyClasses": [Function],
      "withComponent": [Function],
    }
  }
  forwardedRef={null}
/>
`;
