// Jest Snapshot v1, https://goo.gl/fbAQLP

exports[`HeaderContainer component Should match snapshot 1`] = `
.c0 {
  padding: 1px 5%;
  width: 100%;
  background-color: #b2bec3;
  color: black;
}

<div
  className="c0"
/>
`;
