// Jest Snapshot v1, https://goo.gl/fbAQLP

exports[`LogoContents component Should match snapshot 1`] = `
<StyledComponent
  forwardedClass={
    Object {
      "$$typeof": Symbol(react.forward_ref),
      "attrs": undefined,
      "componentStyle": ComponentStyle {
        "componentId": "LogoContents-t3j9mi-0",
        "isStatic": false,
        "rules": Array [
          "font-size:",
          [Function],
          ";",
        ],
      },
      "displayName": "LogoContents",
      "render": [Function],
      "styledComponentId": "LogoContents-t3j9mi-0",
      "target": "span",
      "toString": [Function],
      "warnTooManyClasses": [Function],
      "withComponent": [Function],
    }
  }
  forwardedRef={null}
/>
`;
