// Jest Snapshot v1, https://goo.gl/fbAQLP

exports[`GaugeLabel component Should match snapshot 1`] = `
<StyledComponent
  forwardedClass={
    Object {
      "$$typeof": Symbol(react.forward_ref),
      "attrs": undefined,
      "componentStyle": ComponentStyle {
        "componentId": "GaugeLabel-sc-19sq0rg-0",
        "isStatic": true,
        "rules": Array [
          "font-size:.6rem;fill:#5b6268;text-anchor:middle;dominant-baseline:central;",
        ],
      },
      "displayName": "GaugeLabel",
      "render": [Function],
      "styledComponentId": "GaugeLabel-sc-19sq0rg-0",
      "target": "text",
      "toString": [Function],
      "warnTooManyClasses": [Function],
      "withComponent": [Function],
    }
  }
  forwardedRef={null}
/>
`;
