// Jest Snapshot v1, https://goo.gl/fbAQLP

exports[`Image component Should match snapshot 1`] = `
<ForwardRef>
  <ForwardRef
    imgSize="default"
    imgSrc="Test"
    imgStyle="default"
  />
</ForwardRef>
`;
