// Jest Snapshot v1, https://goo.gl/fbAQLP

exports[`ButtonStyles component Should match snapshot 1`] = `
.c0 {
  background-color: #bdc3c7;
  color: black;
  border: 1px solid #bdc3c7;
  display: inline-block;
  outline: none;
  cursor: pointer;
  font-size: 1rem;
  padding: .375rem .75rem;
  text-align: center;
  line-height: 1.5;
  -webkit-transition: 0.1s linear;
  transition: 0.1s linear;
  box-shadow: 0 1px 2px 0 rgba(0,0,0,0.2);
}

.c0 svg {
  vertical-align: middle;
}

.c0:hover {
  box-shadow: 0 2px 4px 0 rgba(0,0,0,0.2),0 3px 10px 0 rgba(0,0,0,0.19);
}

.c0:active {
  box-shadow: none;
}

<ButtonStyles>
  <StyledComponent
    forwardedClass={
      Object {
        "$$typeof": Symbol(react.forward_ref),
        "attrs": undefined,
        "componentStyle": ComponentStyle {
          "componentId": "ButtonStyles-sc-5bwci9-0",
          "isStatic": false,
          "lastClassName": "c0",
          "rules": Array [
            "background-color:",
            [Function],
            ";color:",
            [Function],
            ";border:1px solid ",
            [Function],
            ";display:inline-block;outline:none;cursor:pointer;",
            [Function],
            ";text-align:center;line-height:1.5;transition:0.1s linear;box-shadow:0 1px 2px 0 rgba(0,0,0,0.2);svg{vertical-align:middle;}&:hover{box-shadow:0 2px 4px 0 rgba(0,0,0,0.2),0 3px 10px 0 rgba(0,0,0,0.19);}&:active{box-shadow:none;}",
            [Function],
            ";",
          ],
        },
        "displayName": "ButtonStyles",
        "render": [Function],
        "styledComponentId": "ButtonStyles-sc-5bwci9-0",
        "target": "span",
        "toString": [Function],
        "warnTooManyClasses": [Function],
        "withComponent": [Function],
      }
    }
    forwardedRef={null}
  >
    <span
      className="c0"
    />
  </StyledComponent>
</ButtonStyles>
`;
