// Jest Snapshot v1, https://goo.gl/fbAQLP

exports[`TopBar component Should match snapshot 1`] = `<styled.div />`;
