// Jest Snapshot v1, https://goo.gl/fbAQLP

exports[`Needle component Should match snapshot 1`] = `
<StyledComponent
  forwardedClass={
    Object {
      "$$typeof": Symbol(react.forward_ref),
      "attrs": undefined,
      "componentStyle": ComponentStyle {
        "componentId": "Needle-sc-3b60h7-0",
        "isStatic": true,
        "rules": Array [
          "stroke:#34495e;stroke-width:0.3;fill:#2980b9;transform:rotate(60,125,150);",
        ],
      },
      "displayName": "Needle",
      "render": [Function],
      "styledComponentId": "Needle-sc-3b60h7-0",
      "target": "polygon",
      "toString": [Function],
      "warnTooManyClasses": [Function],
      "withComponent": [Function],
    }
  }
  forwardedRef={null}
/>
`;
