// Jest Snapshot v1, https://goo.gl/fbAQLP

exports[`Logo component Should match snapshot 1`] = `
<styled.span
  logoText="Test"
>
  Test
</styled.span>
`;
