// Jest Snapshot v1, https://goo.gl/fbAQLP

exports[`Pic component Should match snapshot 1`] = `
<StyledComponent
  forwardedClass={
    Object {
      "$$typeof": Symbol(react.forward_ref),
      "attrs": undefined,
      "componentStyle": ComponentStyle {
        "componentId": "sc-bdVaJa",
        "isStatic": false,
        "rules": Array [
          "
    ",
          [Function],
          ";
    ",
          [Function],
          ";
",
        ],
      },
      "displayName": "styled.img",
      "render": [Function],
      "styledComponentId": "sc-bdVaJa",
      "target": "img",
      "warnTooManyClasses": [Function],
      "withComponent": [Function],
    }
  }
  forwardedRef={null}
/>
`;
